ERROR - 2026-06-18 19:30:18 --> Table 'usuarios' already exists
in SYSTEMPATH\Database\MySQLi\Connection.php on line 300.
 1 SYSTEMPATH\Database\MySQLi\Connection.php(300): mysqli->query('CREATE TABLE `usuarios` (
	`id` INT(11) UNSIGNED NOT NULL AUTO_INCREMENT,
	`email` VARCHAR(50) NOT NULL UNIQUE,
	`password` VARCHAR(255) NOT NULL,
	`esAdmin` TINYINT(1) NOT NULL,
	CONSTRAINT `pk_usuarios` PRIMARY KEY(`id`)
) DEFAULT CHARACTER SET = utf8mb4 COLLATE = utf8mb4_general_ci', 0)
 2 SYSTEMPATH\Database\BaseConnection.php(908): CodeIgniter\Database\MySQLi\Connection->execute('CREATE TABLE `usuarios` (
	`id` INT(11) UNSIGNED NOT NULL AUTO_INCREMENT,
	`email` VARCHAR(50) NOT NULL UNIQUE,
	`password` VARCHAR(255) NOT NULL,
	`esAdmin` TINYINT(1) NOT NULL,
	CONSTRAINT `pk_usuarios` PRIMARY KEY(`id`)
) DEFAULT CHARACTER SET = utf8mb4 COLLATE = utf8mb4_general_ci')
 3 SYSTEMPATH\Database\BaseConnection.php(825): CodeIgniter\Database\BaseConnection->simpleQuery('CREATE TABLE `usuarios` (
	`id` INT(11) UNSIGNED NOT NULL AUTO_INCREMENT,
	`email` VARCHAR(50) NOT NULL UNIQUE,
	`password` VARCHAR(255) NOT NULL,
	`esAdmin` TINYINT(1) NOT NULL,
	CONSTRAINT `pk_usuarios` PRIMARY KEY(`id`)
) DEFAULT CHARACTER SET = utf8mb4 COLLATE = utf8mb4_general_ci')
 4 SYSTEMPATH\Database\Forge.php(570): CodeIgniter\Database\BaseConnection->query('CREATE TABLE `usuarios` (
	`id` INT(11) UNSIGNED NOT NULL AUTO_INCREMENT,
	`email` VARCHAR(50) NOT NULL UNIQUE,
	`password` VARCHAR(255) NOT NULL,
	`esAdmin` TINYINT(1) NOT NULL,
	CONSTRAINT `pk_usuarios` PRIMARY KEY(`id`)
) DEFAULT CHARACTER SET = utf8mb4 COLLATE = utf8mb4_general_ci')
 5 APPPATH\Database\Migrations\2026-06-18-000000_CreateRentacarDatabase.php(22): CodeIgniter\Database\Forge->createTable('usuarios')
 6 SYSTEMPATH\Database\MigrationRunner.php(1014): App\Database\Migrations\CreateRentacarDatabase->up()
 7 SYSTEMPATH\Database\MigrationRunner.php(202): CodeIgniter\Database\MigrationRunner->migrate('up', Object(stdClass))
 8 SYSTEMPATH\Commands\Database\Migrate.php(89): CodeIgniter\Database\MigrationRunner->latest(null)
 9 SYSTEMPATH\CLI\SignalTrait.php(245): CodeIgniter\Commands\Database\Migrate::CodeIgniter\Commands\Database\{closure}()
10 SYSTEMPATH\Commands\Database\Migrate.php(88): CodeIgniter\Commands\Database\Migrate->withSignalsBlocked(Object(Closure))
11 SYSTEMPATH\CLI\Commands.php(72): CodeIgniter\Commands\Database\Migrate->run([...])
12 SYSTEMPATH\CLI\BaseCommand.php(119): CodeIgniter\CLI\Commands->run('migrate', [...])
13 SYSTEMPATH\Commands\Database\MigrateRefresh.php(91): CodeIgniter\CLI\BaseCommand->call('migrate', [...])
14 SYSTEMPATH\CLI\SignalTrait.php(245): CodeIgniter\Commands\Database\MigrateRefresh->CodeIgniter\Commands\Database\{closure}()
15 SYSTEMPATH\Commands\Database\MigrateRefresh.php(89): CodeIgniter\Commands\Database\MigrateRefresh->withSignalsBlocked(Object(Closure))
16 SYSTEMPATH\CLI\Commands.php(72): CodeIgniter\Commands\Database\MigrateRefresh->run([...])
17 SYSTEMPATH\CLI\Console.php(47): CodeIgniter\CLI\Commands->run('migrate:refresh', [...])
18 SYSTEMPATH\Boot.php(442): CodeIgniter\CLI\Console->run()
19 SYSTEMPATH\Boot.php(166): CodeIgniter\Boot::runCommand(Object(CodeIgniter\CLI\Console))
20 ROOTPATH\spark(87): CodeIgniter\Boot::bootSpark(Object(Config\Paths))
